NNNNNNNNNNNNNNNNNNNNNNNNNNNNNNNNNNNNNNNN
NNNNNNNNNNNNNNNNNNNNNNNNNNNNNNNNNNNNNNNN
NNNNNNNNNNNNNNNNNNNNNNNNNNNNNNNNNNNNNNNN
NNNNNNNNNNNNNNNNNNNNNNNNNNNNNNNNNNNNNNNN
NNNNNNNNNNNNNNNNNNNNNNNNNNNNNNNNNNNNNNNN
NNNNNNNNNNNNNNNNNNNNNNNNNNNNNNNNNNNNNNNN
NNNNNNNNNNNNNNNNNNNNNNNNNNNNNNNNNNNNNNNN
NNNNNNNNNNNNNNNNNNNNNNNNNNNNNNNNNNNNNNNN
NNNNNNNNNNNNNNNNNNNNNNNNNNNNNNNNNNNNNNUG
NNNNNNNNNNNNNNNNNNNNNNNNNNNNNGNNUGGNNUGG
NNNNNNNNNNNNNNNNNNNNNNNNNNNNNNGGGGGUGGGG
NNNNNNNNNNNNNNNNNNNNNNNNNNNNUUGGGGGGGGGG
GGUNNNUNNNNNNNNNNNNNGGGGGNUGGGGGGGGGGNUG
GGGGUUUUNUGNUUUGUUNGGGGGGGGGGGGGGGGGGGUN
GGGGGGGGUGGGGGGGGGGGGGGGGGGGUGGGGGGGGGNN
GGGGGGGGGGGNGGGGGGGGGGGGGGGGGGGGGGGGGGUN
GGGGGGGGGGGGGGGGGGGGGGGGGGGGGGGGGGGGGGGG
GGGGUGGGGGGGGGGGGGGGGGGGGGGGGGGGGGGGGGGG
GGGGGGGGGGGGGGGGGGGGGGGGGGGGGGGGGGGGGGGG
GGGGGGGGGGGGGGGGGGGGGGGGGGGGGGGGGGGGGGGG
GGGGGGGGGGGGGGGGGGGGGGGGGGGGGGGGGGGGGGGG
GGGGGGGGGGGGGGGGGGGGGGGGGGGGGGGGGGGGGGGG
GGGGGGGGGGGGGGGGGGGGGGGGGGGGGGGGGGGGGGGG
GGGGGGGGGGGGGGGGGGGGGGGGGGGGGGGGGGGGGGGG
GGGNGGGGGGGGGGGGGGGGGGGGGGGGGGGGGGGGGGGG
GGGGGGGGGGGGGGGGGGGGGGGGGGGGGGGGGGGGGGGG
GGGGGGGGGGGGGGGGGGGGGGGGGGGGGGGGGGGGGGGU
GGGGGGGGGGGGGGGGGGGGGGGGGGGGGGGGGGGGUUUU
GGGGGGGGGGGGGGGGGGGGGGGGGGGGGGGGGGGGUUUU
GGGGGGGGGGGGGGGGGGGGGGGGGGGGGGGGGGGGUUUU
UGGGGGGGGGGGGGGGGGGNGGGGGGGGGGGGGGGUUUUU
UGGGGGGGGGGGGGGGGGGGGGGGGGGGGGGGGGGUUUUU
UUUUUGGGGGGGGGGGGGGGGGGGGGGGGGUUUUUUUUUU
UUUUUUGGGGGGGGGGGGGGGGGGGGGUUUUUUUUUUUUU
UUUUUUGGGGGGGGGGGGGGGGGGGGGUUUUUUUUUUUUU
UUUUUUGGGGGUUGGGGGGGGGGGUUUUUUUUUUUUUUUU
UUUUUUUUUUUUUUGGGGGGGGGGUUUUUUUUUUUUUUUU
UUUUUUUUUUUUUUUUUUUUUUUUUUUUUUUUUUUUUUUU
UUUUUUUUUUUUUUUUUUUUUUUUUUUUUUUUUUUUUUUU
UUUUUUUUUUUUUUUUUUUUUUUUUUUUUUUUUUUUUUUU
